
4 | f record2;
      ^

field x not in record provided here


