{x=true, y=false} : {x:Bool, y:Bool}
true : Bool
{true, false} : {Bool, Bool}
true
  : Bool
